<html>
  <body>
    <h2>
      Daily Healthcare AI + Workflow Digest - April 09, 2026
    </h2>
    <h3>
      Verdict
    </h3>
    <p>
      STRONG_SIGNAL
    </p>
    <p>
      Screened: 6
      <br />
      Operator-grade: 3
      <br />
      Watchlist: 0
    </p>
    <h3>
      Top Signal
    </h3>
    <div>
      <div>
        <p>
          CMS final rule tightens prior auth evidence exchange
        </p>
        <p>
          CMS Newsroom, Federal Register | Confidence: High | Category: Regulatory
        </p>
        <p>
          <strong>
            What happened:
          </strong>
          CMS final rule tightens prior auth evidence exchange summary.
        </p>
        <p>
          <strong>
            Why it matters:
          </strong>
          CMS final rule tightens prior auth evidence exchange matters to operator planning.
        </p>
        <p>
          <strong>
            Hard signal detected:
          </strong>
          workflow impact
        </p>
        <p>
          <strong>
            Why this fits the healthcare AI/workflow wedge:
          </strong>
          AI/admin/data none; workflow high; operator high; regulatory high. Wedge: prior auth.
        </p>
        <p>
          <strong>
            Action:
          </strong>
          Audit one prior auth evidence handoff this week against the new CMS fields
        </p>
        <p>
          <a href="https://www.cms.gov/example/prior-auth-final-rule">
            Link
          </a>
        </p>
      </div>
      <div>
        <p>
          Audit-lane repo packages prior-auth evidence checks
        </p>
        <p>
          GitHub Search | Confidence: High | Category: Repo
        </p>
        <p>
          <strong>
            What happened:
          </strong>
          Audit-lane repo packages prior-auth evidence checks summary.
        </p>
        <p>
          <strong>
            Why it matters:
          </strong>
          Audit-lane repo packages prior-auth evidence checks matters to operator planning.
        </p>
        <p>
          <strong>
            Hard signal detected:
          </strong>
          workflow impact
        </p>
        <p>
          <strong>
            Why this fits the healthcare AI/workflow wedge:
          </strong>
          AI/admin/data none; workflow high; operator high. Wedge: prior auth.
        </p>
        <p>
          <strong>
            Action:
          </strong>
          Prototype a narrow audit lane by Friday using one denial category
        </p>
        <p>
          <a href="https://github.com/example/audit-lane">
            Link
          </a>
        </p>
      </div>
      <div>
        <p>
          Payer operations roles ask for AI governance fluency
        </p>
        <p>
          Healthcare Jobs Weekly | Confidence: Medium | Category: News
        </p>
        <p>
          <strong>
            What happened:
          </strong>
          Payer operations roles ask for AI governance fluency summary.
        </p>
        <p>
          <strong>
            Why it matters:
          </strong>
          Payer operations roles ask for AI governance fluency matters to operator planning.
        </p>
        <p>
          <strong>
            Hard signal detected:
          </strong>
          workflow impact
        </p>
        <p>
          <strong>
            Why this fits the healthcare AI/workflow wedge:
          </strong>
          AI/admin/data none; workflow high; operator high. Wedge: prior auth.
        </p>
        <p>
          <a href="https://example.com/career/payer-ai-governance">
            Link
          </a>
        </p>
      </div>
    </div>
    <h3>
      Selection Audit
    </h3>
    <ul>
      <li>
        PR-only: 0
      </li>
      <li>
        No workflow evidence: 0
      </li>
      <li>
        Weak AI/admin relevance: 0
      </li>
      <li>
        Consumer wellness only: 0
      </li>
      <li>
        Duplicate: 0
      </li>
      <li>
        Weak source/detail: 0
      </li>
      <li>
        Regulatory/policy watch only: 0
      </li>
    </ul>
  </body>
</html>
